{
  "applicability_cases": 556,
  "applicability_existing_accepts": 274,
  "applicability_framed_accepts": 268,
  "applicability_new_false_accepts": 0,
  "certificate_claims_rejected_on_valid_factored_relation": 30,
  "completeness": "Sufficient framed fragment only; semantically valid excluded controls retained.",
  "control_endpoint_executions": 2000,
  "controls": 76,
  "core_certificates": 6,
  "designed_valid_outside_fragment": 12,
  "exhaustively_checked_scaling_points": 36,
  "factored_audit_agreements": 36,
  "families": 6,
  "functionally_varying_cases": 36,
  "invalid_claim_controls": 36,
  "invalid_contextual_relations": 27,
  "large_product_status": "Dimensions 0 through 10 measured exhaustively; 20 checked symbolically only.",
  "max_certificate_bytes": 6187,
  "max_symbolic_context_valuations": 1048576,
  "max_symbolic_endpoint_obligations": 25165824,
  "median_certificate_bytes": 3548.0,
  "observed_only_extrapolation_counterexamples": 22,
  "oracle_scope": "Cartesian semantic replay independently avoids footprint, abstract interpretation, and root tables; relation declarations and exact repair membership are separately checked, with the repair gate shared with production and therefore non-independent.",
  "oracle_scope_controls": 2,
  "oracle_scope_monitor_mismatches": 1,
  "oracle_scope_repair_rejections": 2,
  "oracle_scope_semantic_only_accepts": 1,
  "primary_core_executions": 516,
  "primary_full_contract_classifications": 36,
  "primary_full_endpoint_executions": 8256,
  "primary_pairs": 36,
  "primary_relation_precondition_passes": 36,
  "reference_comparisons": 8256,
  "reference_mismatches": 0,
  "rejected_controls": 76,
  "runtime": {
    "cartesian_measurement": "one complete direct_oracle traversal per exhaustively measured point",
    "cpu_measurement": "process-wide CPU time from time.process_time()",
    "cpu_seconds": 27.854041073,
    "environment": {
      "architecture": "x86_64",
      "cpu_model": "Intel(R) Xeon(R) Platinum 8370C CPU @ 2.80GHz",
      "logical_cpu_count": 2,
      "operating_system": "Linux",
      "os_release": "6.17.0-1022-azure",
      "python_implementation": "CPython",
      "python_version": "3.12.14"
    },
    "max_rss_mib": 32.75,
    "measurement_scope": "one fresh single-process invocation of run_transport through construction of all primary, scaling, control, applicability, and scope-control result objects; output-file writing occurs after the CPU/wall snapshot",
    "rss_measurement": "process-lifetime peak ru_maxrss at the end of the fresh invocation, from resource.getrusage(RUSAGE_SELF), converted from KiB to MiB on Linux and bytes to MiB on macOS; it includes imports and campaign execution but is not a start/end delta",
    "scaling_transport_measurement": "three check_transport elapsed_ms values per packet; retained median recomputed from the three raw values",
    "wall_measurement": "monotonic elapsed time from time.perf_counter()",
    "wall_seconds": 27.859999928999997,
    "workers": 1
  },
  "scaling_direct_endpoint_executions": 117390,
  "scaling_points": 42,
  "scaling_transport_trials_per_point": 3,
  "scope": "Owned abstract programs; no native-language or detector evaluation.",
  "semantic_or_frame_controls": 28,
  "valid_outside_fragment": 13,
  "wrapper_templates": 6
}
